[W628 17:50:44.839511768 socket.cpp:764] [c10d] The client socket cannot be initialized to connect to [holygpu8a25404]:29500 (errno: 97 - Address family not supported by protocol).
[W628 17:50:44.839551946 socket.cpp:764] [c10d] The client socket cannot be initialized to connect to [holygpu8a25404]:29500 (errno: 97 - Address family not supported by protocol).
[W628 17:50:44.839721213 socket.cpp:764] [c10d] The client socket cannot be initialized to connect to [holygpu8a25404]:29500 (errno: 97 - Address family not supported by protocol).
[W628 17:50:44.839681695 socket.cpp:764] [c10d] The client socket cannot be initialized to connect to [holygpu8a25404]:29500 (errno: 97 - Address family not supported by protocol).
[E628 17:51:30.611021545 socket.cpp:1028] [c10d] The client socket has timed out after 60000ms while trying to connect to (10.31.180.188, 29500).
[W628 17:51:30.943078940 TCPStore.cpp:340] [c10d] TCP client failed to connect/validate to host 10.31.180.188:29500 - retrying (try=0, timeout=60000ms, delay=27267ms): The client socket has timed out after 60000ms while trying to connect to (10.31.180.188, 29500).
Exception raised from throwTimeoutError at /pytorch/torch/csrc/distributed/c10d/socket.cpp:1030 (most recent call first):
frame #0: c10::Error::Error(c10::SourceLocation, std::__cxx11::basic_string<char, std::char_traits<char>, std::allocator<char> >) + 0x9d (0x15217a0a1fad in /n/home03/minghaoli/.conda/envs/torchtitan/lib/python3.13/site-packages/torch/lib/libc10.so)
frame #1: <unknown function> + 0x1684f1a (0x1521b8c63f1a in /n/home03/minghaoli/.conda/envs/torchtitan/lib/python3.13/site-packages/torch/lib/libtorch_cpu.so)
frame #2: <unknown function> + 0x699178d (0x1521bdf7078d in /n/home03/minghaoli/.conda/envs/torchtitan/lib/python3.13/site-packages/torch/lib/libtorch_cpu.so)
frame #3: <unknown function> + 0x6991d45 (0x1521bdf70d45 in /n/home03/minghaoli/.conda/envs/torchtitan/lib/python3.13/site-packages/torch/lib/libtorch_cpu.so)
frame #4: <unknown function> + 0x6991ea2 (0x1521bdf70ea2 in /n/home03/minghaoli/.conda/envs/torchtitan/lib/python3.13/site-packages/torch/lib/libtorch_cpu.so)
frame #5: <unknown function> + 0x68e9d73 (0x1521bdec8d73 in /n/home03/minghaoli/.conda/envs/torchtitan/lib/python3.13/site-packages/torch/lib/libtorch_cpu.so)
frame #6: c10d::TCPStore::TCPStore(std::__cxx11::basic_string<char, std::char_traits<char>, std::allocator<char> >, c10d::TCPStoreOptions const&) + 0x41d (0x1521bded0d3d in /n/home03/minghaoli/.conda/envs/torchtitan/lib/python3.13/site-packages/torch/lib/libtorch_cpu.so)
frame #7: <unknown function> + 0xecd101 (0x1521cd874101 in /n/home03/minghaoli/.conda/envs/torchtitan/lib/python3.13/site-packages/torch/lib/libtorch_python.so)
frame #8: <unknown function> + 0x409a7a (0x1521ccdb0a7a in /n/home03/minghaoli/.conda/envs/torchtitan/lib/python3.13/site-packages/torch/lib/libtorch_python.so)
frame #9: <unknown function> + 0x1d9e88 (0x55b3f0d56e88 in /n/home03/minghaoli/.conda/envs/torchtitan/bin/python3.13)
frame #10: _PyObject_MakeTpCall + 0x27c (0x55b3f0d2701c in /n/home03/minghaoli/.conda/envs/torchtitan/bin/python3.13)
frame #11: <unknown function> + 0x20cd15 (0x55b3f0d89d15 in /n/home03/minghaoli/.conda/envs/torchtitan/bin/python3.13)
frame #12: <unknown function> + 0x28b806 (0x55b3f0e08806 in /n/home03/minghaoli/.conda/envs/torchtitan/bin/python3.13)
frame #13: <unknown function> + 0x1ec36c (0x55b3f0d6936c in /n/home03/minghaoli/.conda/envs/torchtitan/bin/python3.13)
frame #14: <unknown function> + 0x1aa2e6 (0x55b3f0d272e6 in /n/home03/minghaoli/.conda/envs/torchtitan/bin/python3.13)
frame #15: <unknown function> + 0x406ffb (0x1521ccdadffb in /n/home03/minghaoli/.conda/envs/torchtitan/lib/python3.13/site-packages/torch/lib/libtorch_python.so)
frame #16: _PyObject_MakeTpCall + 0x27c (0x55b3f0d2701c in /n/home03/minghaoli/.conda/envs/torchtitan/bin/python3.13)
frame #17: _PyEval_EvalFrameDefault + 0x8fbe (0x55b3f0d3f57e in /n/home03/minghaoli/.conda/envs/torchtitan/bin/python3.13)
frame #18: <unknown function> + 0x27b8e1 (0x55b3f0df88e1 in /n/home03/minghaoli/.conda/envs/torchtitan/bin/python3.13)
frame #19: <unknown function> + 0x2cbd69 (0x55b3f0e48d69 in /n/home03/minghaoli/.conda/envs/torchtitan/bin/python3.13)
frame #20: <unknown function> + 0x28b729 (0x55b3f0e08729 in /n/home03/minghaoli/.conda/envs/torchtitan/bin/python3.13)
frame #21: _PyEval_EvalFrameDefault + 0x3fcf (0x55b3f0d3a58f in /n/home03/minghaoli/.conda/envs/torchtitan/bin/python3.13)
frame #22: PyEval_EvalCode + 0x9f (0x55b3f0dfa71f in /n/home03/minghaoli/.conda/envs/torchtitan/bin/python3.13)
frame #23: <unknown function> + 0x2bd433 (0x55b3f0e3a433 in /n/home03/minghaoli/.conda/envs/torchtitan/bin/python3.13)
frame #24: <unknown function> + 0x2ba4ac (0x55b3f0e374ac in /n/home03/minghaoli/.conda/envs/torchtitan/bin/python3.13)
frame #25: <unknown function> + 0x2b7156 (0x55b3f0e34156 in /n/home03/minghaoli/.conda/envs/torchtitan/bin/python3.13)
frame #26: <unknown function> + 0x2b6dc3 (0x55b3f0e33dc3 in /n/home03/minghaoli/.conda/envs/torchtitan/bin/python3.13)
frame #27: <unknown function> + 0x2b6bdc (0x55b3f0e33bdc in /n/home03/minghaoli/.conda/envs/torchtitan/bin/python3.13)
frame #28: Py_RunMain + 0x3b4 (0x55b3f0e32544 in /n/home03/minghaoli/.conda/envs/torchtitan/bin/python3.13)
frame #29: Py_BytesMain + 0x37 (0x55b3f0de6547 in /n/home03/minghaoli/.conda/envs/torchtitan/bin/python3.13)
frame #30: __libc_start_main + 0xe5 (0x15229add2865 in /lib64/libc.so.6)
frame #31: <unknown function> + 0x2688f9 (0x55b3f0de58f9 in /n/home03/minghaoli/.conda/envs/torchtitan/bin/python3.13)

[E628 17:51:32.022768511 socket.cpp:1028] [c10d] The client socket has timed out after 60000ms while trying to connect to (10.31.180.188, 29500).
[W628 17:51:32.023388028 TCPStore.cpp:340] [c10d] TCP client failed to connect/validate to host 10.31.180.188:29500 - retrying (try=0, timeout=60000ms, delay=62659ms): The client socket has timed out after 60000ms while trying to connect to (10.31.180.188, 29500).
Exception raised from throwTimeoutError at /pytorch/torch/csrc/distributed/c10d/socket.cpp:1030 (most recent call first):
frame #0: c10::Error::Error(c10::SourceLocation, std::__cxx11::basic_string<char, std::char_traits<char>, std::allocator<char> >) + 0x9d (0x1473fed06fad in /n/home03/minghaoli/.conda/envs/torchtitan/lib/python3.13/site-packages/torch/lib/libc10.so)
frame #1: <unknown function> + 0x1684f1a (0x14743d8c8f1a in /n/home03/minghaoli/.conda/envs/torchtitan/lib/python3.13/site-packages/torch/lib/libtorch_cpu.so)
frame #2: <unknown function> + 0x699178d (0x147442bd578d in /n/home03/minghaoli/.conda/envs/torchtitan/lib/python3.13/site-packages/torch/lib/libtorch_cpu.so)
frame #3: <unknown function> + 0x6991d45 (0x147442bd5d45 in /n/home03/minghaoli/.conda/envs/torchtitan/lib/python3.13/site-packages/torch/lib/libtorch_cpu.so)
frame #4: <unknown function> + 0x6991ea2 (0x147442bd5ea2 in /n/home03/minghaoli/.conda/envs/torchtitan/lib/python3.13/site-packages/torch/lib/libtorch_cpu.so)
frame #5: <unknown function> + 0x68e9d73 (0x147442b2dd73 in /n/home03/minghaoli/.conda/envs/torchtitan/lib/python3.13/site-packages/torch/lib/libtorch_cpu.so)
frame #6: c10d::TCPStore::TCPStore(std::__cxx11::basic_string<char, std::char_traits<char>, std::allocator<char> >, c10d::TCPStoreOptions const&) + 0x41d (0x147442b35d3d in /n/home03/minghaoli/.conda/envs/torchtitan/lib/python3.13/site-packages/torch/lib/libtorch_cpu.so)
frame #7: <unknown function> + 0xecd101 (0x1474524d9101 in /n/home03/minghaoli/.conda/envs/torchtitan/lib/python3.13/site-packages/torch/lib/libtorch_python.so)
frame #8: <unknown function> + 0x409a7a (0x147451a15a7a in /n/home03/minghaoli/.conda/envs/torchtitan/lib/python3.13/site-packages/torch/lib/libtorch_python.so)
frame #9: <unknown function> + 0x1d9e88 (0x55b577cb9e88 in /n/home03/minghaoli/.conda/envs/torchtitan/bin/python3.13)
frame #10: _PyObject_MakeTpCall + 0x27c (0x55b577c8a01c in /n/home03/minghaoli/.conda/envs/torchtitan/bin/python3.13)
frame #11: <unknown function> + 0x20cd15 (0x55b577cecd15 in /n/home03/minghaoli/.conda/envs/torchtitan/bin/python3.13)
frame #12: <unknown function> + 0x28b806 (0x55b577d6b806 in /n/home03/minghaoli/.conda/envs/torchtitan/bin/python3.13)
frame #13: <unknown function> + 0x1ec36c (0x55b577ccc36c in /n/home03/minghaoli/.conda/envs/torchtitan/bin/python3.13)
frame #14: <unknown function> + 0x1aa2e6 (0x55b577c8a2e6 in /n/home03/minghaoli/.conda/envs/torchtitan/bin/python3.13)
frame #15: <unknown function> + 0x406ffb (0x147451a12ffb in /n/home03/minghaoli/.conda/envs/torchtitan/lib/python3.13/site-packages/torch/lib/libtorch_python.so)
frame #16: _PyObject_MakeTpCall + 0x27c (0x55b577c8a01c in /n/home03/minghaoli/.conda/envs/torchtitan/bin/python3.13)
frame #17: _PyEval_EvalFrameDefault + 0x8fbe (0x55b577ca257e in /n/home03/minghaoli/.conda/envs/torchtitan/bin/python3.13)
frame #18: <unknown function> + 0x27b8e1 (0x55b577d5b8e1 in /n/home03/minghaoli/.conda/envs/torchtitan/bin/python3.13)
frame #19: <unknown function> + 0x2cbd69 (0x55b577dabd69 in /n/home03/minghaoli/.conda/envs/torchtitan/bin/python3.13)
frame #20: <unknown function> + 0x28b729 (0x55b577d6b729 in /n/home03/minghaoli/.conda/envs/torchtitan/bin/python3.13)
frame #21: _PyEval_EvalFrameDefault + 0x3fcf (0x55b577c9d58f in /n/home03/minghaoli/.conda/envs/torchtitan/bin/python3.13)
frame #22: PyEval_EvalCode + 0x9f (0x55b577d5d71f in /n/home03/minghaoli/.conda/envs/torchtitan/bin/python3.13)
frame #23: <unknown function> + 0x2bd433 (0x55b577d9d433 in /n/home03/minghaoli/.conda/envs/torchtitan/bin/python3.13)
frame #24: <unknown function> + 0x2ba4ac (0x55b577d9a4ac in /n/home03/minghaoli/.conda/envs/torchtitan/bin/python3.13)
frame #25: <unknown function> + 0x2b7156 (0x55b577d97156 in /n/home03/minghaoli/.conda/envs/torchtitan/bin/python3.13)
frame #26: <unknown function> + 0x2b6dc3 (0x55b577d96dc3 in /n/home03/minghaoli/.conda/envs/torchtitan/bin/python3.13)
frame #27: <unknown function> + 0x2b6bdc (0x55b577d96bdc in /n/home03/minghaoli/.conda/envs/torchtitan/bin/python3.13)
frame #28: Py_RunMain + 0x3b4 (0x55b577d95544 in /n/home03/minghaoli/.conda/envs/torchtitan/bin/python3.13)
frame #29: Py_BytesMain + 0x37 (0x55b577d49547 in /n/home03/minghaoli/.conda/envs/torchtitan/bin/python3.13)
frame #30: __libc_start_main + 0xe5 (0x14751fa37865 in /lib64/libc.so.6)
frame #31: <unknown function> + 0x2688f9 (0x55b577d488f9 in /n/home03/minghaoli/.conda/envs/torchtitan/bin/python3.13)

[E628 17:51:38.922253803 socket.cpp:1028] [c10d] The client socket has timed out after 60000ms while trying to connect to (10.31.180.188, 29500).
[W628 17:51:38.922814390 TCPStore.cpp:340] [c10d] TCP client failed to connect/validate to host 10.31.180.188:29500 - retrying (try=0, timeout=60000ms, delay=54053ms): The client socket has timed out after 60000ms while trying to connect to (10.31.180.188, 29500).
Exception raised from throwTimeoutError at /pytorch/torch/csrc/distributed/c10d/socket.cpp:1030 (most recent call first):
frame #0: c10::Error::Error(c10::SourceLocation, std::__cxx11::basic_string<char, std::char_traits<char>, std::allocator<char> >) + 0x9d (0x1455be597fad in /n/home03/minghaoli/.conda/envs/torchtitan/lib/python3.13/site-packages/torch/lib/libc10.so)
frame #1: <unknown function> + 0x1684f1a (0x1455fd159f1a in /n/home03/minghaoli/.conda/envs/torchtitan/lib/python3.13/site-packages/torch/lib/libtorch_cpu.so)
frame #2: <unknown function> + 0x699178d (0x14560246678d in /n/home03/minghaoli/.conda/envs/torchtitan/lib/python3.13/site-packages/torch/lib/libtorch_cpu.so)
frame #3: <unknown function> + 0x6991d45 (0x145602466d45 in /n/home03/minghaoli/.conda/envs/torchtitan/lib/python3.13/site-packages/torch/lib/libtorch_cpu.so)
frame #4: <unknown function> + 0x6991ea2 (0x145602466ea2 in /n/home03/minghaoli/.conda/envs/torchtitan/lib/python3.13/site-packages/torch/lib/libtorch_cpu.so)
frame #5: <unknown function> + 0x68e9d73 (0x1456023bed73 in /n/home03/minghaoli/.conda/envs/torchtitan/lib/python3.13/site-packages/torch/lib/libtorch_cpu.so)
frame #6: c10d::TCPStore::TCPStore(std::__cxx11::basic_string<char, std::char_traits<char>, std::allocator<char> >, c10d::TCPStoreOptions const&) + 0x41d (0x1456023c6d3d in /n/home03/minghaoli/.conda/envs/torchtitan/lib/python3.13/site-packages/torch/lib/libtorch_cpu.so)
frame #7: <unknown function> + 0xecd101 (0x145611d6a101 in /n/home03/minghaoli/.conda/envs/torchtitan/lib/python3.13/site-packages/torch/lib/libtorch_python.so)
frame #8: <unknown function> + 0x409a7a (0x1456112a6a7a in /n/home03/minghaoli/.conda/envs/torchtitan/lib/python3.13/site-packages/torch/lib/libtorch_python.so)
frame #9: <unknown function> + 0x1d9e88 (0x55d69cb87e88 in /n/home03/minghaoli/.conda/envs/torchtitan/bin/python3.13)
frame #10: _PyObject_MakeTpCall + 0x27c (0x55d69cb5801c in /n/home03/minghaoli/.conda/envs/torchtitan/bin/python3.13)
frame #11: <unknown function> + 0x20cd15 (0x55d69cbbad15 in /n/home03/minghaoli/.conda/envs/torchtitan/bin/python3.13)
frame #12: <unknown function> + 0x28b806 (0x55d69cc39806 in /n/home03/minghaoli/.conda/envs/torchtitan/bin/python3.13)
frame #13: <unknown function> + 0x1ec36c (0x55d69cb9a36c in /n/home03/minghaoli/.conda/envs/torchtitan/bin/python3.13)
frame #14: <unknown function> + 0x1aa2e6 (0x55d69cb582e6 in /n/home03/minghaoli/.conda/envs/torchtitan/bin/python3.13)
frame #15: <unknown function> + 0x406ffb (0x1456112a3ffb in /n/home03/minghaoli/.conda/envs/torchtitan/lib/python3.13/site-packages/torch/lib/libtorch_python.so)
frame #16: _PyObject_MakeTpCall + 0x27c (0x55d69cb5801c in /n/home03/minghaoli/.conda/envs/torchtitan/bin/python3.13)
frame #17: _PyEval_EvalFrameDefault + 0x8fbe (0x55d69cb7057e in /n/home03/minghaoli/.conda/envs/torchtitan/bin/python3.13)
frame #18: <unknown function> + 0x27b8e1 (0x55d69cc298e1 in /n/home03/minghaoli/.conda/envs/torchtitan/bin/python3.13)
frame #19: <unknown function> + 0x2cbd69 (0x55d69cc79d69 in /n/home03/minghaoli/.conda/envs/torchtitan/bin/python3.13)
frame #20: <unknown function> + 0x28b729 (0x55d69cc39729 in /n/home03/minghaoli/.conda/envs/torchtitan/bin/python3.13)
frame #21: _PyEval_EvalFrameDefault + 0x3fcf (0x55d69cb6b58f in /n/home03/minghaoli/.conda/envs/torchtitan/bin/python3.13)
frame #22: PyEval_EvalCode + 0x9f (0x55d69cc2b71f in /n/home03/minghaoli/.conda/envs/torchtitan/bin/python3.13)
frame #23: <unknown function> + 0x2bd433 (0x55d69cc6b433 in /n/home03/minghaoli/.conda/envs/torchtitan/bin/python3.13)
frame #24: <unknown function> + 0x2ba4ac (0x55d69cc684ac in /n/home03/minghaoli/.conda/envs/torchtitan/bin/python3.13)
frame #25: <unknown function> + 0x2b7156 (0x55d69cc65156 in /n/home03/minghaoli/.conda/envs/torchtitan/bin/python3.13)
frame #26: <unknown function> + 0x2b6dc3 (0x55d69cc64dc3 in /n/home03/minghaoli/.conda/envs/torchtitan/bin/python3.13)
frame #27: <unknown function> + 0x2b6bdc (0x55d69cc64bdc in /n/home03/minghaoli/.conda/envs/torchtitan/bin/python3.13)
frame #28: Py_RunMain + 0x3b4 (0x55d69cc63544 in /n/home03/minghaoli/.conda/envs/torchtitan/bin/python3.13)
frame #29: Py_BytesMain + 0x37 (0x55d69cc17547 in /n/home03/minghaoli/.conda/envs/torchtitan/bin/python3.13)
frame #30: __libc_start_main + 0xe5 (0x1456df2c8865 in /lib64/libc.so.6)
frame #31: <unknown function> + 0x2688f9 (0x55d69cc168f9 in /n/home03/minghaoli/.conda/envs/torchtitan/bin/python3.13)

[E628 17:51:39.503833970 socket.cpp:1028] [c10d] The client socket has timed out after 60000ms while trying to connect to (10.31.180.188, 29500).
[W628 17:51:39.504437521 TCPStore.cpp:340] [c10d] TCP client failed to connect/validate to host 10.31.180.188:29500 - retrying (try=0, timeout=60000ms, delay=30178ms): The client socket has timed out after 60000ms while trying to connect to (10.31.180.188, 29500).
Exception raised from throwTimeoutError at /pytorch/torch/csrc/distributed/c10d/socket.cpp:1030 (most recent call first):
frame #0: c10::Error::Error(c10::SourceLocation, std::__cxx11::basic_string<char, std::char_traits<char>, std::allocator<char> >) + 0x9d (0x14c66e5adfad in /n/home03/minghaoli/.conda/envs/torchtitan/lib/python3.13/site-packages/torch/lib/libc10.so)
frame #1: <unknown function> + 0x1684f1a (0x14c6ad16ff1a in /n/home03/minghaoli/.conda/envs/torchtitan/lib/python3.13/site-packages/torch/lib/libtorch_cpu.so)
frame #2: <unknown function> + 0x699178d (0x14c6b247c78d in /n/home03/minghaoli/.conda/envs/torchtitan/lib/python3.13/site-packages/torch/lib/libtorch_cpu.so)
frame #3: <unknown function> + 0x6991d45 (0x14c6b247cd45 in /n/home03/minghaoli/.conda/envs/torchtitan/lib/python3.13/site-packages/torch/lib/libtorch_cpu.so)
frame #4: <unknown function> + 0x6991ea2 (0x14c6b247cea2 in /n/home03/minghaoli/.conda/envs/torchtitan/lib/python3.13/site-packages/torch/lib/libtorch_cpu.so)
frame #5: <unknown function> + 0x68e9d73 (0x14c6b23d4d73 in /n/home03/minghaoli/.conda/envs/torchtitan/lib/python3.13/site-packages/torch/lib/libtorch_cpu.so)
frame #6: c10d::TCPStore::TCPStore(std::__cxx11::basic_string<char, std::char_traits<char>, std::allocator<char> >, c10d::TCPStoreOptions const&) + 0x41d (0x14c6b23dcd3d in /n/home03/minghaoli/.conda/envs/torchtitan/lib/python3.13/site-packages/torch/lib/libtorch_cpu.so)
frame #7: <unknown function> + 0xecd101 (0x14c6c1d80101 in /n/home03/minghaoli/.conda/envs/torchtitan/lib/python3.13/site-packages/torch/lib/libtorch_python.so)
frame #8: <unknown function> + 0x409a7a (0x14c6c12bca7a in /n/home03/minghaoli/.conda/envs/torchtitan/lib/python3.13/site-packages/torch/lib/libtorch_python.so)
frame #9: <unknown function> + 0x1d9e88 (0x561d71610e88 in /n/home03/minghaoli/.conda/envs/torchtitan/bin/python3.13)
frame #10: _PyObject_MakeTpCall + 0x27c (0x561d715e101c in /n/home03/minghaoli/.conda/envs/torchtitan/bin/python3.13)
frame #11: <unknown function> + 0x20cd15 (0x561d71643d15 in /n/home03/minghaoli/.conda/envs/torchtitan/bin/python3.13)
frame #12: <unknown function> + 0x28b806 (0x561d716c2806 in /n/home03/minghaoli/.conda/envs/torchtitan/bin/python3.13)
frame #13: <unknown function> + 0x1ec36c (0x561d7162336c in /n/home03/minghaoli/.conda/envs/torchtitan/bin/python3.13)
frame #14: <unknown function> + 0x1aa2e6 (0x561d715e12e6 in /n/home03/minghaoli/.conda/envs/torchtitan/bin/python3.13)
frame #15: <unknown function> + 0x406ffb (0x14c6c12b9ffb in /n/home03/minghaoli/.conda/envs/torchtitan/lib/python3.13/site-packages/torch/lib/libtorch_python.so)
frame #16: _PyObject_MakeTpCall + 0x27c (0x561d715e101c in /n/home03/minghaoli/.conda/envs/torchtitan/bin/python3.13)
frame #17: _PyEval_EvalFrameDefault + 0x8fbe (0x561d715f957e in /n/home03/minghaoli/.conda/envs/torchtitan/bin/python3.13)
frame #18: <unknown function> + 0x27b8e1 (0x561d716b28e1 in /n/home03/minghaoli/.conda/envs/torchtitan/bin/python3.13)
frame #19: <unknown function> + 0x2cbd69 (0x561d71702d69 in /n/home03/minghaoli/.conda/envs/torchtitan/bin/python3.13)
frame #20: <unknown function> + 0x28b729 (0x561d716c2729 in /n/home03/minghaoli/.conda/envs/torchtitan/bin/python3.13)
frame #21: _PyEval_EvalFrameDefault + 0x3fcf (0x561d715f458f in /n/home03/minghaoli/.conda/envs/torchtitan/bin/python3.13)
frame #22: PyEval_EvalCode + 0x9f (0x561d716b471f in /n/home03/minghaoli/.conda/envs/torchtitan/bin/python3.13)
frame #23: <unknown function> + 0x2bd433 (0x561d716f4433 in /n/home03/minghaoli/.conda/envs/torchtitan/bin/python3.13)
frame #24: <unknown function> + 0x2ba4ac (0x561d716f14ac in /n/home03/minghaoli/.conda/envs/torchtitan/bin/python3.13)
frame #25: <unknown function> + 0x2b7156 (0x561d716ee156 in /n/home03/minghaoli/.conda/envs/torchtitan/bin/python3.13)
frame #26: <unknown function> + 0x2b6dc3 (0x561d716eddc3 in /n/home03/minghaoli/.conda/envs/torchtitan/bin/python3.13)
frame #27: <unknown function> + 0x2b6bdc (0x561d716edbdc in /n/home03/minghaoli/.conda/envs/torchtitan/bin/python3.13)
frame #28: Py_RunMain + 0x3b4 (0x561d716ec544 in /n/home03/minghaoli/.conda/envs/torchtitan/bin/python3.13)
frame #29: Py_BytesMain + 0x37 (0x561d716a0547 in /n/home03/minghaoli/.conda/envs/torchtitan/bin/python3.13)
frame #30: __libc_start_main + 0xe5 (0x14c78f2de865 in /lib64/libc.so.6)
frame #31: <unknown function> + 0x2688f9 (0x561d7169f8f9 in /n/home03/minghaoli/.conda/envs/torchtitan/bin/python3.13)

[W628 17:51:58.232733862 socket.cpp:764] [c10d] The client socket cannot be initialized to connect to [holygpu8a25404]:29500 (errno: 97 - Address family not supported by protocol).
[W628 17:52:09.706488735 socket.cpp:764] [c10d] The client socket cannot be initialized to connect to [holygpu8a25404]:29500 (errno: 97 - Address family not supported by protocol).
[E628 17:52:09.706687924 socket.cpp:1028] [c10d] The client socket has timed out after 60000ms while trying to connect to (10.31.180.188, 29500).
[E628 17:52:09.706878352 TCPStore.cpp:328] [c10d] TCP client failed to connect/validate to host 10.31.180.188:29500 - timed out (try=1, timeout=60000ms): The client socket has timed out after 60000ms while trying to connect to (10.31.180.188, 29500).
Exception raised from throwTimeoutError at /pytorch/torch/csrc/distributed/c10d/socket.cpp:1030 (most recent call first):
frame #0: c10::Error::Error(c10::SourceLocation, std::__cxx11::basic_string<char, std::char_traits<char>, std::allocator<char> >) + 0x9d (0x14c66e5adfad in /n/home03/minghaoli/.conda/envs/torchtitan/lib/python3.13/site-packages/torch/lib/libc10.so)
frame #1: <unknown function> + 0x1684f1a (0x14c6ad16ff1a in /n/home03/minghaoli/.conda/envs/torchtitan/lib/python3.13/site-packages/torch/lib/libtorch_cpu.so)
frame #2: <unknown function> + 0x699178d (0x14c6b247c78d in /n/home03/minghaoli/.conda/envs/torchtitan/lib/python3.13/site-packages/torch/lib/libtorch_cpu.so)
frame #3: <unknown function> + 0x6991d45 (0x14c6b247cd45 in /n/home03/minghaoli/.conda/envs/torchtitan/lib/python3.13/site-packages/torch/lib/libtorch_cpu.so)
frame #4: <unknown function> + 0x6991ea2 (0x14c6b247cea2 in /n/home03/minghaoli/.conda/envs/torchtitan/lib/python3.13/site-packages/torch/lib/libtorch_cpu.so)
frame #5: <unknown function> + 0x68e9d73 (0x14c6b23d4d73 in /n/home03/minghaoli/.conda/envs/torchtitan/lib/python3.13/site-packages/torch/lib/libtorch_cpu.so)
frame #6: c10d::TCPStore::TCPStore(std::__cxx11::basic_string<char, std::char_traits<char>, std::allocator<char> >, c10d::TCPStoreOptions const&) + 0x41d (0x14c6b23dcd3d in /n/home03/minghaoli/.conda/envs/torchtitan/lib/python3.13/site-packages/torch/lib/libtorch_cpu.so)
frame #7: <unknown function> + 0xecd101 (0x14c6c1d80101 in /n/home03/minghaoli/.conda/envs/torchtitan/lib/python3.13/site-packages/torch/lib/libtorch_python.so)
frame #8: <unknown function> + 0x409a7a (0x14c6c12bca7a in /n/home03/minghaoli/.conda/envs/torchtitan/lib/python3.13/site-packages/torch/lib/libtorch_python.so)
frame #9: <unknown function> + 0x1d9e88 (0x561d71610e88 in /n/home03/minghaoli/.conda/envs/torchtitan/bin/python3.13)
frame #10: _PyObject_MakeTpCall + 0x27c (0x561d715e101c in /n/home03/minghaoli/.conda/envs/torchtitan/bin/python3.13)
frame #11: <unknown function> + 0x20cd15 (0x561d71643d15 in /n/home03/minghaoli/.conda/envs/torchtitan/bin/python3.13)
frame #12: <unknown function> + 0x28b806 (0x561d716c2806 in /n/home03/minghaoli/.conda/envs/torchtitan/bin/python3.13)
frame #13: <unknown function> + 0x1ec36c (0x561d7162336c in /n/home03/minghaoli/.conda/envs/torchtitan/bin/python3.13)
frame #14: <unknown function> + 0x1aa2e6 (0x561d715e12e6 in /n/home03/minghaoli/.conda/envs/torchtitan/bin/python3.13)
frame #15: <unknown function> + 0x406ffb (0x14c6c12b9ffb in /n/home03/minghaoli/.conda/envs/torchtitan/lib/python3.13/site-packages/torch/lib/libtorch_python.so)
frame #16: _PyObject_MakeTpCall + 0x27c (0x561d715e101c in /n/home03/minghaoli/.conda/envs/torchtitan/bin/python3.13)
frame #17: _PyEval_EvalFrameDefault + 0x8fbe (0x561d715f957e in /n/home03/minghaoli/.conda/envs/torchtitan/bin/python3.13)
frame #18: <unknown function> + 0x27b8e1 (0x561d716b28e1 in /n/home03/minghaoli/.conda/envs/torchtitan/bin/python3.13)
frame #19: <unknown function> + 0x2cbd69 (0x561d71702d69 in /n/home03/minghaoli/.conda/envs/torchtitan/bin/python3.13)
frame #20: <unknown function> + 0x28b729 (0x561d716c2729 in /n/home03/minghaoli/.conda/envs/torchtitan/bin/python3.13)
frame #21: _PyEval_EvalFrameDefault + 0x3fcf (0x561d715f458f in /n/home03/minghaoli/.conda/envs/torchtitan/bin/python3.13)
frame #22: PyEval_EvalCode + 0x9f (0x561d716b471f in /n/home03/minghaoli/.conda/envs/torchtitan/bin/python3.13)
frame #23: <unknown function> + 0x2bd433 (0x561d716f4433 in /n/home03/minghaoli/.conda/envs/torchtitan/bin/python3.13)
frame #24: <unknown function> + 0x2ba4ac (0x561d716f14ac in /n/home03/minghaoli/.conda/envs/torchtitan/bin/python3.13)
frame #25: <unknown function> + 0x2b7156 (0x561d716ee156 in /n/home03/minghaoli/.conda/envs/torchtitan/bin/python3.13)
frame #26: <unknown function> + 0x2b6dc3 (0x561d716eddc3 in /n/home03/minghaoli/.conda/envs/torchtitan/bin/python3.13)
frame #27: <unknown function> + 0x2b6bdc (0x561d716edbdc in /n/home03/minghaoli/.conda/envs/torchtitan/bin/python3.13)
frame #28: Py_RunMain + 0x3b4 (0x561d716ec544 in /n/home03/minghaoli/.conda/envs/torchtitan/bin/python3.13)
frame #29: Py_BytesMain + 0x37 (0x561d716a0547 in /n/home03/minghaoli/.conda/envs/torchtitan/bin/python3.13)
frame #30: __libc_start_main + 0xe5 (0x14c78f2de865 in /lib64/libc.so.6)
frame #31: <unknown function> + 0x2688f9 (0x561d7169f8f9 in /n/home03/minghaoli/.conda/envs/torchtitan/bin/python3.13)

Traceback (most recent call last):
  File "/n/home03/minghaoli/.conda/envs/torchtitan/lib/python3.13/site-packages/torch/distributed/elastic/rendezvous/c10d_rendezvous_backend.py", line 156, in _create_tcp_store
    store = TCPStore(
        host,
    ...<3 lines>...
        timeout=timedelta(seconds=read_timeout),
    )
torch.distributed.DistNetworkError: The client socket has timed out after 60000ms while trying to connect to (10.31.180.188, 29500).

The above exception was the direct cause of the following exception:

Traceback (most recent call last):
  File "/n/home03/minghaoli/.conda/envs/torchtitan/bin/torchrun", line 6, in <module>
    sys.exit(main())
             ~~~~^^
  File "/n/home03/minghaoli/.conda/envs/torchtitan/lib/python3.13/site-packages/torch/distributed/elastic/multiprocessing/errors/__init__.py", line 367, in wrapper
    return f(*args, **kwargs)
  File "/n/home03/minghaoli/.conda/envs/torchtitan/lib/python3.13/site-packages/torch/distributed/run.py", line 1016, in main
    run(args)
    ~~~^^^^^^
  File "/n/home03/minghaoli/.conda/envs/torchtitan/lib/python3.13/site-packages/torch/distributed/run.py", line 1007, in run
    elastic_launch(
    ~~~~~~~~~~~~~~~
        config=config,
        ~~~~~~~~~~~~~~
        entrypoint=cmd,
        ~~~~~~~~~~~~~~~
    )(*cmd_args)
    ~^^^^^^^^^^^
  File "/n/home03/minghaoli/.conda/envs/torchtitan/lib/python3.13/site-packages/torch/distributed/launcher/api.py", line 191, in __call__
    return launch_agent(self._config, self._entrypoint, list(args))
  File "/n/home03/minghaoli/.conda/envs/torchtitan/lib/python3.13/site-packages/torch/distributed/launcher/api.py", line 333, in launch_agent
    rdzv_handler=rdzv_registry.get_rendezvous_handler(rdzv_parameters),
                 ~~~~~~~~~~~~~~~~~~~~~~~~~~~~~~~~~~~~^^^^^^^^^^^^^^^^^
  File "/n/home03/minghaoli/.conda/envs/torchtitan/lib/python3.13/site-packages/torch/distributed/elastic/rendezvous/registry.py", line 96, in get_rendezvous_handler
    return handler_registry.create_handler(params)
           ~~~~~~~~~~~~~~~~~~~~~~~~~~~~~~~^^^^^^^^
  File "/n/home03/minghaoli/.conda/envs/torchtitan/lib/python3.13/site-packages/torch/distributed/elastic/rendezvous/api.py", line 377, in create_handler
    handler = creator(params)
  File "/n/home03/minghaoli/.conda/envs/torchtitan/lib/python3.13/site-packages/torch/distributed/elastic/rendezvous/registry.py", line 46, in _create_c10d_handler
    backend, store = create_backend(params)
                     ~~~~~~~~~~~~~~^^^^^^^^
  File "/n/home03/minghaoli/.conda/envs/torchtitan/lib/python3.13/site-packages/torch/distributed/elastic/rendezvous/c10d_rendezvous_backend.py", line 254, in create_backend
    store = _create_tcp_store(params)
  File "/n/home03/minghaoli/.conda/envs/torchtitan/lib/python3.13/site-packages/torch/distributed/elastic/rendezvous/c10d_rendezvous_backend.py", line 180, in _create_tcp_store
    raise RendezvousConnectionError(
        "The connection to the C10d store has failed. See inner exception for details."
    ) from exc
torch.distributed.elastic.rendezvous.api.RendezvousConnectionError: The connection to the C10d store has failed. See inner exception for details.
srun: error: holygpu8a25404: task 1: Exited with exit code 1
[W628 17:52:32.997594061 socket.cpp:764] [c10d] The client socket cannot be initialized to connect to [holygpu8a25404]:29500 (errno: 97 - Address family not supported by protocol).
[E628 17:52:32.997819482 socket.cpp:1028] [c10d] The client socket has timed out after 60000ms while trying to connect to (10.31.180.188, 29500).
[E628 17:52:32.998129162 TCPStore.cpp:328] [c10d] TCP client failed to connect/validate to host 10.31.180.188:29500 - timed out (try=1, timeout=60000ms): The client socket has timed out after 60000ms while trying to connect to (10.31.180.188, 29500).
Exception raised from throwTimeoutError at /pytorch/torch/csrc/distributed/c10d/socket.cpp:1030 (most recent call first):
frame #0: c10::Error::Error(c10::SourceLocation, std::__cxx11::basic_string<char, std::char_traits<char>, std::allocator<char> >) + 0x9d (0x1455be597fad in /n/home03/minghaoli/.conda/envs/torchtitan/lib/python3.13/site-packages/torch/lib/libc10.so)
frame #1: <unknown function> + 0x1684f1a (0x1455fd159f1a in /n/home03/minghaoli/.conda/envs/torchtitan/lib/python3.13/site-packages/torch/lib/libtorch_cpu.so)
frame #2: <unknown function> + 0x699178d (0x14560246678d in /n/home03/minghaoli/.conda/envs/torchtitan/lib/python3.13/site-packages/torch/lib/libtorch_cpu.so)
frame #3: <unknown function> + 0x6991d45 (0x145602466d45 in /n/home03/minghaoli/.conda/envs/torchtitan/lib/python3.13/site-packages/torch/lib/libtorch_cpu.so)
frame #4: <unknown function> + 0x6991ea2 (0x145602466ea2 in /n/home03/minghaoli/.conda/envs/torchtitan/lib/python3.13/site-packages/torch/lib/libtorch_cpu.so)
frame #5: <unknown function> + 0x68e9d73 (0x1456023bed73 in /n/home03/minghaoli/.conda/envs/torchtitan/lib/python3.13/site-packages/torch/lib/libtorch_cpu.so)
frame #6: c10d::TCPStore::TCPStore(std::__cxx11::basic_string<char, std::char_traits<char>, std::allocator<char> >, c10d::TCPStoreOptions const&) + 0x41d (0x1456023c6d3d in /n/home03/minghaoli/.conda/envs/torchtitan/lib/python3.13/site-packages/torch/lib/libtorch_cpu.so)
frame #7: <unknown function> + 0xecd101 (0x145611d6a101 in /n/home03/minghaoli/.conda/envs/torchtitan/lib/python3.13/site-packages/torch/lib/libtorch_python.so)
frame #8: <unknown function> + 0x409a7a (0x1456112a6a7a in /n/home03/minghaoli/.conda/envs/torchtitan/lib/python3.13/site-packages/torch/lib/libtorch_python.so)
frame #9: <unknown function> + 0x1d9e88 (0x55d69cb87e88 in /n/home03/minghaoli/.conda/envs/torchtitan/bin/python3.13)
frame #10: _PyObject_MakeTpCall + 0x27c (0x55d69cb5801c in /n/home03/minghaoli/.conda/envs/torchtitan/bin/python3.13)
frame #11: <unknown function> + 0x20cd15 (0x55d69cbbad15 in /n/home03/minghaoli/.conda/envs/torchtitan/bin/python3.13)
frame #12: <unknown function> + 0x28b806 (0x55d69cc39806 in /n/home03/minghaoli/.conda/envs/torchtitan/bin/python3.13)
frame #13: <unknown function> + 0x1ec36c (0x55d69cb9a36c in /n/home03/minghaoli/.conda/envs/torchtitan/bin/python3.13)
frame #14: <unknown function> + 0x1aa2e6 (0x55d69cb582e6 in /n/home03/minghaoli/.conda/envs/torchtitan/bin/python3.13)
frame #15: <unknown function> + 0x406ffb (0x1456112a3ffb in /n/home03/minghaoli/.conda/envs/torchtitan/lib/python3.13/site-packages/torch/lib/libtorch_python.so)
frame #16: _PyObject_MakeTpCall + 0x27c (0x55d69cb5801c in /n/home03/minghaoli/.conda/envs/torchtitan/bin/python3.13)
frame #17: _PyEval_EvalFrameDefault + 0x8fbe (0x55d69cb7057e in /n/home03/minghaoli/.conda/envs/torchtitan/bin/python3.13)
frame #18: <unknown function> + 0x27b8e1 (0x55d69cc298e1 in /n/home03/minghaoli/.conda/envs/torchtitan/bin/python3.13)
frame #19: <unknown function> + 0x2cbd69 (0x55d69cc79d69 in /n/home03/minghaoli/.conda/envs/torchtitan/bin/python3.13)
frame #20: <unknown function> + 0x28b729 (0x55d69cc39729 in /n/home03/minghaoli/.conda/envs/torchtitan/bin/python3.13)
frame #21: _PyEval_EvalFrameDefault + 0x3fcf (0x55d69cb6b58f in /n/home03/minghaoli/.conda/envs/torchtitan/bin/python3.13)
frame #22: PyEval_EvalCode + 0x9f (0x55d69cc2b71f in /n/home03/minghaoli/.conda/envs/torchtitan/bin/python3.13)
frame #23: <unknown function> + 0x2bd433 (0x55d69cc6b433 in /n/home03/minghaoli/.conda/envs/torchtitan/bin/python3.13)
frame #24: <unknown function> + 0x2ba4ac (0x55d69cc684ac in /n/home03/minghaoli/.conda/envs/torchtitan/bin/python3.13)
frame #25: <unknown function> + 0x2b7156 (0x55d69cc65156 in /n/home03/minghaoli/.conda/envs/torchtitan/bin/python3.13)
frame #26: <unknown function> + 0x2b6dc3 (0x55d69cc64dc3 in /n/home03/minghaoli/.conda/envs/torchtitan/bin/python3.13)
frame #27: <unknown function> + 0x2b6bdc (0x55d69cc64bdc in /n/home03/minghaoli/.conda/envs/torchtitan/bin/python3.13)
frame #28: Py_RunMain + 0x3b4 (0x55d69cc63544 in /n/home03/minghaoli/.conda/envs/torchtitan/bin/python3.13)
frame #29: Py_BytesMain + 0x37 (0x55d69cc17547 in /n/home03/minghaoli/.conda/envs/torchtitan/bin/python3.13)
frame #30: __libc_start_main + 0xe5 (0x1456df2c8865 in /lib64/libc.so.6)
frame #31: <unknown function> + 0x2688f9 (0x55d69cc168f9 in /n/home03/minghaoli/.conda/envs/torchtitan/bin/python3.13)

Traceback (most recent call last):
  File "/n/home03/minghaoli/.conda/envs/torchtitan/lib/python3.13/site-packages/torch/distributed/elastic/rendezvous/c10d_rendezvous_backend.py", line 156, in _create_tcp_store
    store = TCPStore(
        host,
    ...<3 lines>...
        timeout=timedelta(seconds=read_timeout),
    )
torch.distributed.DistNetworkError: The client socket has timed out after 60000ms while trying to connect to (10.31.180.188, 29500).

The above exception was the direct cause of the following exception:

Traceback (most recent call last):
  File "/n/home03/minghaoli/.conda/envs/torchtitan/bin/torchrun", line 6, in <module>
    sys.exit(main())
             ~~~~^^
  File "/n/home03/minghaoli/.conda/envs/torchtitan/lib/python3.13/site-packages/torch/distributed/elastic/multiprocessing/errors/__init__.py", line 367, in wrapper
    return f(*args, **kwargs)
  File "/n/home03/minghaoli/.conda/envs/torchtitan/lib/python3.13/site-packages/torch/distributed/run.py", line 1016, in main
    run(args)
    ~~~^^^^^^
  File "/n/home03/minghaoli/.conda/envs/torchtitan/lib/python3.13/site-packages/torch/distributed/run.py", line 1007, in run
    elastic_launch(
    ~~~~~~~~~~~~~~~
        config=config,
        ~~~~~~~~~~~~~~
        entrypoint=cmd,
        ~~~~~~~~~~~~~~~
    )(*cmd_args)
    ~^^^^^^^^^^^
  File "/n/home03/minghaoli/.conda/envs/torchtitan/lib/python3.13/site-packages/torch/distributed/launcher/api.py", line 191, in __call__
    return launch_agent(self._config, self._entrypoint, list(args))
  File "/n/home03/minghaoli/.conda/envs/torchtitan/lib/python3.13/site-packages/torch/distributed/launcher/api.py", line 333, in launch_agent
    rdzv_handler=rdzv_registry.get_rendezvous_handler(rdzv_parameters),
                 ~~~~~~~~~~~~~~~~~~~~~~~~~~~~~~~~~~~~^^^^^^^^^^^^^^^^^
  File "/n/home03/minghaoli/.conda/envs/torchtitan/lib/python3.13/site-packages/torch/distributed/elastic/rendezvous/registry.py", line 96, in get_rendezvous_handler
    return handler_registry.create_handler(params)
           ~~~~~~~~~~~~~~~~~~~~~~~~~~~~~~~^^^^^^^^
  File "/n/home03/minghaoli/.conda/envs/torchtitan/lib/python3.13/site-packages/torch/distributed/elastic/rendezvous/api.py", line 377, in create_handler
    handler = creator(params)
  File "/n/home03/minghaoli/.conda/envs/torchtitan/lib/python3.13/site-packages/torch/distributed/elastic/rendezvous/registry.py", line 46, in _create_c10d_handler
    backend, store = create_backend(params)
                     ~~~~~~~~~~~~~~^^^^^^^^
  File "/n/home03/minghaoli/.conda/envs/torchtitan/lib/python3.13/site-packages/torch/distributed/elastic/rendezvous/c10d_rendezvous_backend.py", line 254, in create_backend
    store = _create_tcp_store(params)
  File "/n/home03/minghaoli/.conda/envs/torchtitan/lib/python3.13/site-packages/torch/distributed/elastic/rendezvous/c10d_rendezvous_backend.py", line 180, in _create_tcp_store
    raise RendezvousConnectionError(
        "The connection to the C10d store has failed. See inner exception for details."
    ) from exc
torch.distributed.elastic.rendezvous.api.RendezvousConnectionError: The connection to the C10d store has failed. See inner exception for details.
srun: error: holygpu8a25404: task 2: Exited with exit code 1
[W628 17:52:35.705390868 socket.cpp:764] [c10d] The client socket cannot be initialized to connect to [holygpu8a25404]:29500 (errno: 97 - Address family not supported by protocol).
[E628 17:52:46.130361986 socket.cpp:1028] [c10d] The client socket has timed out after 60000ms while trying to connect to (10.31.180.188, 29500).
[E628 17:52:46.130688955 TCPStore.cpp:328] [c10d] TCP client failed to connect/validate to host 10.31.180.188:29500 - timed out (try=1, timeout=60000ms): The client socket has timed out after 60000ms while trying to connect to (10.31.180.188, 29500).
Exception raised from throwTimeoutError at /pytorch/torch/csrc/distributed/c10d/socket.cpp:1030 (most recent call first):
frame #0: c10::Error::Error(c10::SourceLocation, std::__cxx11::basic_string<char, std::char_traits<char>, std::allocator<char> >) + 0x9d (0x15217a0a1fad in /n/home03/minghaoli/.conda/envs/torchtitan/lib/python3.13/site-packages/torch/lib/libc10.so)
frame #1: <unknown function> + 0x1684f1a (0x1521b8c63f1a in /n/home03/minghaoli/.conda/envs/torchtitan/lib/python3.13/site-packages/torch/lib/libtorch_cpu.so)
frame #2: <unknown function> + 0x699178d (0x1521bdf7078d in /n/home03/minghaoli/.conda/envs/torchtitan/lib/python3.13/site-packages/torch/lib/libtorch_cpu.so)
frame #3: <unknown function> + 0x6991d45 (0x1521bdf70d45 in /n/home03/minghaoli/.conda/envs/torchtitan/lib/python3.13/site-packages/torch/lib/libtorch_cpu.so)
frame #4: <unknown function> + 0x6991ea2 (0x1521bdf70ea2 in /n/home03/minghaoli/.conda/envs/torchtitan/lib/python3.13/site-packages/torch/lib/libtorch_cpu.so)
frame #5: <unknown function> + 0x68e9d73 (0x1521bdec8d73 in /n/home03/minghaoli/.conda/envs/torchtitan/lib/python3.13/site-packages/torch/lib/libtorch_cpu.so)
frame #6: c10d::TCPStore::TCPStore(std::__cxx11::basic_string<char, std::char_traits<char>, std::allocator<char> >, c10d::TCPStoreOptions const&) + 0x41d (0x1521bded0d3d in /n/home03/minghaoli/.conda/envs/torchtitan/lib/python3.13/site-packages/torch/lib/libtorch_cpu.so)
frame #7: <unknown function> + 0xecd101 (0x1521cd874101 in /n/home03/minghaoli/.conda/envs/torchtitan/lib/python3.13/site-packages/torch/lib/libtorch_python.so)
frame #8: <unknown function> + 0x409a7a (0x1521ccdb0a7a in /n/home03/minghaoli/.conda/envs/torchtitan/lib/python3.13/site-packages/torch/lib/libtorch_python.so)
frame #9: <unknown function> + 0x1d9e88 (0x55b3f0d56e88 in /n/home03/minghaoli/.conda/envs/torchtitan/bin/python3.13)
frame #10: _PyObject_MakeTpCall + 0x27c (0x55b3f0d2701c in /n/home03/minghaoli/.conda/envs/torchtitan/bin/python3.13)
frame #11: <unknown function> + 0x20cd15 (0x55b3f0d89d15 in /n/home03/minghaoli/.conda/envs/torchtitan/bin/python3.13)
frame #12: <unknown function> + 0x28b806 (0x55b3f0e08806 in /n/home03/minghaoli/.conda/envs/torchtitan/bin/python3.13)
frame #13: <unknown function> + 0x1ec36c (0x55b3f0d6936c in /n/home03/minghaoli/.conda/envs/torchtitan/bin/python3.13)
frame #14: <unknown function> + 0x1aa2e6 (0x55b3f0d272e6 in /n/home03/minghaoli/.conda/envs/torchtitan/bin/python3.13)
frame #15: <unknown function> + 0x406ffb (0x1521ccdadffb in /n/home03/minghaoli/.conda/envs/torchtitan/lib/python3.13/site-packages/torch/lib/libtorch_python.so)
frame #16: _PyObject_MakeTpCall + 0x27c (0x55b3f0d2701c in /n/home03/minghaoli/.conda/envs/torchtitan/bin/python3.13)
frame #17: _PyEval_EvalFrameDefault + 0x8fbe (0x55b3f0d3f57e in /n/home03/minghaoli/.conda/envs/torchtitan/bin/python3.13)
frame #18: <unknown function> + 0x27b8e1 (0x55b3f0df88e1 in /n/home03/minghaoli/.conda/envs/torchtitan/bin/python3.13)
frame #19: <unknown function> + 0x2cbd69 (0x55b3f0e48d69 in /n/home03/minghaoli/.conda/envs/torchtitan/bin/python3.13)
frame #20: <unknown function> + 0x28b729 (0x55b3f0e08729 in /n/home03/minghaoli/.conda/envs/torchtitan/bin/python3.13)
frame #21: _PyEval_EvalFrameDefault + 0x3fcf (0x55b3f0d3a58f in /n/home03/minghaoli/.conda/envs/torchtitan/bin/python3.13)
frame #22: PyEval_EvalCode + 0x9f (0x55b3f0dfa71f in /n/home03/minghaoli/.conda/envs/torchtitan/bin/python3.13)
frame #23: <unknown function> + 0x2bd433 (0x55b3f0e3a433 in /n/home03/minghaoli/.conda/envs/torchtitan/bin/python3.13)
frame #24: <unknown function> + 0x2ba4ac (0x55b3f0e374ac in /n/home03/minghaoli/.conda/envs/torchtitan/bin/python3.13)
frame #25: <unknown function> + 0x2b7156 (0x55b3f0e34156 in /n/home03/minghaoli/.conda/envs/torchtitan/bin/python3.13)
frame #26: <unknown function> + 0x2b6dc3 (0x55b3f0e33dc3 in /n/home03/minghaoli/.conda/envs/torchtitan/bin/python3.13)
frame #27: <unknown function> + 0x2b6bdc (0x55b3f0e33bdc in /n/home03/minghaoli/.conda/envs/torchtitan/bin/python3.13)
frame #28: Py_RunMain + 0x3b4 (0x55b3f0e32544 in /n/home03/minghaoli/.conda/envs/torchtitan/bin/python3.13)
frame #29: Py_BytesMain + 0x37 (0x55b3f0de6547 in /n/home03/minghaoli/.conda/envs/torchtitan/bin/python3.13)
frame #30: __libc_start_main + 0xe5 (0x15229add2865 in /lib64/libc.so.6)
frame #31: <unknown function> + 0x2688f9 (0x55b3f0de58f9 in /n/home03/minghaoli/.conda/envs/torchtitan/bin/python3.13)

Traceback (most recent call last):
  File "/n/home03/minghaoli/.conda/envs/torchtitan/lib/python3.13/site-packages/torch/distributed/elastic/rendezvous/c10d_rendezvous_backend.py", line 156, in _create_tcp_store
    store = TCPStore(
        host,
    ...<3 lines>...
        timeout=timedelta(seconds=read_timeout),
    )
torch.distributed.DistNetworkError: The client socket has timed out after 60000ms while trying to connect to (10.31.180.188, 29500).

The above exception was the direct cause of the following exception:

Traceback (most recent call last):
  File "/n/home03/minghaoli/.conda/envs/torchtitan/bin/torchrun", line 6, in <module>
    sys.exit(main())
             ~~~~^^
  File "/n/home03/minghaoli/.conda/envs/torchtitan/lib/python3.13/site-packages/torch/distributed/elastic/multiprocessing/errors/__init__.py", line 367, in wrapper
    return f(*args, **kwargs)
  File "/n/home03/minghaoli/.conda/envs/torchtitan/lib/python3.13/site-packages/torch/distributed/run.py", line 1016, in main
    run(args)
    ~~~^^^^^^
  File "/n/home03/minghaoli/.conda/envs/torchtitan/lib/python3.13/site-packages/torch/distributed/run.py", line 1007, in run
    elastic_launch(
    ~~~~~~~~~~~~~~~
        config=config,
        ~~~~~~~~~~~~~~
        entrypoint=cmd,
        ~~~~~~~~~~~~~~~
    )(*cmd_args)
    ~^^^^^^^^^^^
  File "/n/home03/minghaoli/.conda/envs/torchtitan/lib/python3.13/site-packages/torch/distributed/launcher/api.py", line 191, in __call__
    return launch_agent(self._config, self._entrypoint, list(args))
  File "/n/home03/minghaoli/.conda/envs/torchtitan/lib/python3.13/site-packages/torch/distributed/launcher/api.py", line 333, in launch_agent
    rdzv_handler=rdzv_registry.get_rendezvous_handler(rdzv_parameters),
                 ~~~~~~~~~~~~~~~~~~~~~~~~~~~~~~~~~~~~^^^^^^^^^^^^^^^^^
  File "/n/home03/minghaoli/.conda/envs/torchtitan/lib/python3.13/site-packages/torch/distributed/elastic/rendezvous/registry.py", line 96, in get_rendezvous_handler
    return handler_registry.create_handler(params)
           ~~~~~~~~~~~~~~~~~~~~~~~~~~~~~~~^^^^^^^^
  File "/n/home03/minghaoli/.conda/envs/torchtitan/lib/python3.13/site-packages/torch/distributed/elastic/rendezvous/api.py", line 377, in create_handler
    handler = creator(params)
  File "/n/home03/minghaoli/.conda/envs/torchtitan/lib/python3.13/site-packages/torch/distributed/elastic/rendezvous/registry.py", line 46, in _create_c10d_handler
    backend, store = create_backend(params)
                     ~~~~~~~~~~~~~~^^^^^^^^
  File "/n/home03/minghaoli/.conda/envs/torchtitan/lib/python3.13/site-packages/torch/distributed/elastic/rendezvous/c10d_rendezvous_backend.py", line 254, in create_backend
    store = _create_tcp_store(params)
  File "/n/home03/minghaoli/.conda/envs/torchtitan/lib/python3.13/site-packages/torch/distributed/elastic/rendezvous/c10d_rendezvous_backend.py", line 180, in _create_tcp_store
    raise RendezvousConnectionError(
        "The connection to the C10d store has failed. See inner exception for details."
    ) from exc
torch.distributed.elastic.rendezvous.api.RendezvousConnectionError: The connection to the C10d store has failed. See inner exception for details.
srun: error: holygpu8a25404: task 0: Exited with exit code 1
[E628 17:53:20.815963713 socket.cpp:1028] [c10d] The client socket has timed out after 60000ms while trying to connect to (10.31.180.188, 29500).
[E628 17:53:20.816291488 TCPStore.cpp:328] [c10d] TCP client failed to connect/validate to host 10.31.180.188:29500 - timed out (try=1, timeout=60000ms): The client socket has timed out after 60000ms while trying to connect to (10.31.180.188, 29500).
Exception raised from throwTimeoutError at /pytorch/torch/csrc/distributed/c10d/socket.cpp:1030 (most recent call first):
frame #0: c10::Error::Error(c10::SourceLocation, std::__cxx11::basic_string<char, std::char_traits<char>, std::allocator<char> >) + 0x9d (0x1473fed06fad in /n/home03/minghaoli/.conda/envs/torchtitan/lib/python3.13/site-packages/torch/lib/libc10.so)
frame #1: <unknown function> + 0x1684f1a (0x14743d8c8f1a in /n/home03/minghaoli/.conda/envs/torchtitan/lib/python3.13/site-packages/torch/lib/libtorch_cpu.so)
frame #2: <unknown function> + 0x699178d (0x147442bd578d in /n/home03/minghaoli/.conda/envs/torchtitan/lib/python3.13/site-packages/torch/lib/libtorch_cpu.so)
frame #3: <unknown function> + 0x6991d45 (0x147442bd5d45 in /n/home03/minghaoli/.conda/envs/torchtitan/lib/python3.13/site-packages/torch/lib/libtorch_cpu.so)
frame #4: <unknown function> + 0x6991ea2 (0x147442bd5ea2 in /n/home03/minghaoli/.conda/envs/torchtitan/lib/python3.13/site-packages/torch/lib/libtorch_cpu.so)
frame #5: <unknown function> + 0x68e9d73 (0x147442b2dd73 in /n/home03/minghaoli/.conda/envs/torchtitan/lib/python3.13/site-packages/torch/lib/libtorch_cpu.so)
frame #6: c10d::TCPStore::TCPStore(std::__cxx11::basic_string<char, std::char_traits<char>, std::allocator<char> >, c10d::TCPStoreOptions const&) + 0x41d (0x147442b35d3d in /n/home03/minghaoli/.conda/envs/torchtitan/lib/python3.13/site-packages/torch/lib/libtorch_cpu.so)
frame #7: <unknown function> + 0xecd101 (0x1474524d9101 in /n/home03/minghaoli/.conda/envs/torchtitan/lib/python3.13/site-packages/torch/lib/libtorch_python.so)
frame #8: <unknown function> + 0x409a7a (0x147451a15a7a in /n/home03/minghaoli/.conda/envs/torchtitan/lib/python3.13/site-packages/torch/lib/libtorch_python.so)
frame #9: <unknown function> + 0x1d9e88 (0x55b577cb9e88 in /n/home03/minghaoli/.conda/envs/torchtitan/bin/python3.13)
frame #10: _PyObject_MakeTpCall + 0x27c (0x55b577c8a01c in /n/home03/minghaoli/.conda/envs/torchtitan/bin/python3.13)
frame #11: <unknown function> + 0x20cd15 (0x55b577cecd15 in /n/home03/minghaoli/.conda/envs/torchtitan/bin/python3.13)
frame #12: <unknown function> + 0x28b806 (0x55b577d6b806 in /n/home03/minghaoli/.conda/envs/torchtitan/bin/python3.13)
frame #13: <unknown function> + 0x1ec36c (0x55b577ccc36c in /n/home03/minghaoli/.conda/envs/torchtitan/bin/python3.13)
frame #14: <unknown function> + 0x1aa2e6 (0x55b577c8a2e6 in /n/home03/minghaoli/.conda/envs/torchtitan/bin/python3.13)
frame #15: <unknown function> + 0x406ffb (0x147451a12ffb in /n/home03/minghaoli/.conda/envs/torchtitan/lib/python3.13/site-packages/torch/lib/libtorch_python.so)
frame #16: _PyObject_MakeTpCall + 0x27c (0x55b577c8a01c in /n/home03/minghaoli/.conda/envs/torchtitan/bin/python3.13)
frame #17: _PyEval_EvalFrameDefault + 0x8fbe (0x55b577ca257e in /n/home03/minghaoli/.conda/envs/torchtitan/bin/python3.13)
frame #18: <unknown function> + 0x27b8e1 (0x55b577d5b8e1 in /n/home03/minghaoli/.conda/envs/torchtitan/bin/python3.13)
frame #19: <unknown function> + 0x2cbd69 (0x55b577dabd69 in /n/home03/minghaoli/.conda/envs/torchtitan/bin/python3.13)
frame #20: <unknown function> + 0x28b729 (0x55b577d6b729 in /n/home03/minghaoli/.conda/envs/torchtitan/bin/python3.13)
frame #21: _PyEval_EvalFrameDefault + 0x3fcf (0x55b577c9d58f in /n/home03/minghaoli/.conda/envs/torchtitan/bin/python3.13)
frame #22: PyEval_EvalCode + 0x9f (0x55b577d5d71f in /n/home03/minghaoli/.conda/envs/torchtitan/bin/python3.13)
frame #23: <unknown function> + 0x2bd433 (0x55b577d9d433 in /n/home03/minghaoli/.conda/envs/torchtitan/bin/python3.13)
frame #24: <unknown function> + 0x2ba4ac (0x55b577d9a4ac in /n/home03/minghaoli/.conda/envs/torchtitan/bin/python3.13)
frame #25: <unknown function> + 0x2b7156 (0x55b577d97156 in /n/home03/minghaoli/.conda/envs/torchtitan/bin/python3.13)
frame #26: <unknown function> + 0x2b6dc3 (0x55b577d96dc3 in /n/home03/minghaoli/.conda/envs/torchtitan/bin/python3.13)
frame #27: <unknown function> + 0x2b6bdc (0x55b577d96bdc in /n/home03/minghaoli/.conda/envs/torchtitan/bin/python3.13)
frame #28: Py_RunMain + 0x3b4 (0x55b577d95544 in /n/home03/minghaoli/.conda/envs/torchtitan/bin/python3.13)
frame #29: Py_BytesMain + 0x37 (0x55b577d49547 in /n/home03/minghaoli/.conda/envs/torchtitan/bin/python3.13)
frame #30: __libc_start_main + 0xe5 (0x14751fa37865 in /lib64/libc.so.6)
frame #31: <unknown function> + 0x2688f9 (0x55b577d488f9 in /n/home03/minghaoli/.conda/envs/torchtitan/bin/python3.13)

Traceback (most recent call last):
  File "/n/home03/minghaoli/.conda/envs/torchtitan/lib/python3.13/site-packages/torch/distributed/elastic/rendezvous/c10d_rendezvous_backend.py", line 156, in _create_tcp_store
    store = TCPStore(
        host,
    ...<3 lines>...
        timeout=timedelta(seconds=read_timeout),
    )
torch.distributed.DistNetworkError: The client socket has timed out after 60000ms while trying to connect to (10.31.180.188, 29500).

The above exception was the direct cause of the following exception:

Traceback (most recent call last):
  File "/n/home03/minghaoli/.conda/envs/torchtitan/bin/torchrun", line 6, in <module>
    sys.exit(main())
             ~~~~^^
  File "/n/home03/minghaoli/.conda/envs/torchtitan/lib/python3.13/site-packages/torch/distributed/elastic/multiprocessing/errors/__init__.py", line 367, in wrapper
    return f(*args, **kwargs)
  File "/n/home03/minghaoli/.conda/envs/torchtitan/lib/python3.13/site-packages/torch/distributed/run.py", line 1016, in main
    run(args)
    ~~~^^^^^^
  File "/n/home03/minghaoli/.conda/envs/torchtitan/lib/python3.13/site-packages/torch/distributed/run.py", line 1007, in run
    elastic_launch(
    ~~~~~~~~~~~~~~~
        config=config,
        ~~~~~~~~~~~~~~
        entrypoint=cmd,
        ~~~~~~~~~~~~~~~
    )(*cmd_args)
    ~^^^^^^^^^^^
  File "/n/home03/minghaoli/.conda/envs/torchtitan/lib/python3.13/site-packages/torch/distributed/launcher/api.py", line 191, in __call__
    return launch_agent(self._config, self._entrypoint, list(args))
  File "/n/home03/minghaoli/.conda/envs/torchtitan/lib/python3.13/site-packages/torch/distributed/launcher/api.py", line 333, in launch_agent
    rdzv_handler=rdzv_registry.get_rendezvous_handler(rdzv_parameters),
                 ~~~~~~~~~~~~~~~~~~~~~~~~~~~~~~~~~~~~^^^^^^^^^^^^^^^^^
  File "/n/home03/minghaoli/.conda/envs/torchtitan/lib/python3.13/site-packages/torch/distributed/elastic/rendezvous/registry.py", line 96, in get_rendezvous_handler
    return handler_registry.create_handler(params)
           ~~~~~~~~~~~~~~~~~~~~~~~~~~~~~~~^^^^^^^^
  File "/n/home03/minghaoli/.conda/envs/torchtitan/lib/python3.13/site-packages/torch/distributed/elastic/rendezvous/api.py", line 377, in create_handler
    handler = creator(params)
  File "/n/home03/minghaoli/.conda/envs/torchtitan/lib/python3.13/site-packages/torch/distributed/elastic/rendezvous/registry.py", line 46, in _create_c10d_handler
    backend, store = create_backend(params)
                     ~~~~~~~~~~~~~~^^^^^^^^
  File "/n/home03/minghaoli/.conda/envs/torchtitan/lib/python3.13/site-packages/torch/distributed/elastic/rendezvous/c10d_rendezvous_backend.py", line 254, in create_backend
    store = _create_tcp_store(params)
  File "/n/home03/minghaoli/.conda/envs/torchtitan/lib/python3.13/site-packages/torch/distributed/elastic/rendezvous/c10d_rendezvous_backend.py", line 180, in _create_tcp_store
    raise RendezvousConnectionError(
        "The connection to the C10d store has failed. See inner exception for details."
    ) from exc
torch.distributed.elastic.rendezvous.api.RendezvousConnectionError: The connection to the C10d store has failed. See inner exception for details.
srun: error: holygpu8a25404: task 3: Exited with exit code 1
